/home/muz/gorur_gari/gorur_gari_2026/install/sensors_processing/lib/python3.10/site-packages/sensors_processing/encoder_odometry.py
/home/muz/gorur_gari/gorur_gari_2026/install/sensors_processing/lib/python3.10/site-packages/sensors_processing/__init__.py
/home/muz/gorur_gari/gorur_gari_2026/install/sensors_processing/lib/python3.10/site-packages/sensors_processing/vector_odom.py
/home/muz/gorur_gari/gorur_gari_2026/install/sensors_processing/lib/python3.10/site-packages/sensors_processing/disparity_extender.py
/home/muz/gorur_gari/gorur_gari_2026/install/sensors_processing/lib/python3.10/site-packages/sensors_processing/__pycache__/encoder_odometry.cpython-310.pyc
/home/muz/gorur_gari/gorur_gari_2026/install/sensors_processing/lib/python3.10/site-packages/sensors_processing/__pycache__/__init__.cpython-310.pyc
/home/muz/gorur_gari/gorur_gari_2026/install/sensors_processing/lib/python3.10/site-packages/sensors_processing/__pycache__/vector_odom.cpython-310.pyc
/home/muz/gorur_gari/gorur_gari_2026/install/sensors_processing/lib/python3.10/site-packages/sensors_processing/__pycache__/disparity_extender.cpython-310.pyc
/home/muz/gorur_gari/gorur_gari_2026/install/sensors_processing/share/ament_index/resource_index/packages/sensors_processing
/home/muz/gorur_gari/gorur_gari_2026/install/sensors_processing/share/sensors_processing/package.xml
/home/muz/gorur_gari/gorur_gari_2026/install/sensors_processing/share/sensors_processing/launch/bringup.launch.py
/home/muz/gorur_gari/gorur_gari_2026/install/sensors_processing/lib/python3.10/site-packages/sensors_processing-0.0.0-py3.10.egg-info/requires.txt
/home/muz/gorur_gari/gorur_gari_2026/install/sensors_processing/lib/python3.10/site-packages/sensors_processing-0.0.0-py3.10.egg-info/PKG-INFO
/home/muz/gorur_gari/gorur_gari_2026/install/sensors_processing/lib/python3.10/site-packages/sensors_processing-0.0.0-py3.10.egg-info/dependency_links.txt
/home/muz/gorur_gari/gorur_gari_2026/install/sensors_processing/lib/python3.10/site-packages/sensors_processing-0.0.0-py3.10.egg-info/SOURCES.txt
/home/muz/gorur_gari/gorur_gari_2026/install/sensors_processing/lib/python3.10/site-packages/sensors_processing-0.0.0-py3.10.egg-info/entry_points.txt
/home/muz/gorur_gari/gorur_gari_2026/install/sensors_processing/lib/python3.10/site-packages/sensors_processing-0.0.0-py3.10.egg-info/zip-safe
/home/muz/gorur_gari/gorur_gari_2026/install/sensors_processing/lib/python3.10/site-packages/sensors_processing-0.0.0-py3.10.egg-info/top_level.txt
/home/muz/gorur_gari/gorur_gari_2026/install/sensors_processing/lib/sensors_processing/disparity_extender
/home/muz/gorur_gari/gorur_gari_2026/install/sensors_processing/lib/sensors_processing/encoder_odometry
