[0.430s] Invoking command in '/home/muz/gorur_gari/gorur_gari_2026/ros2_ws/contols': PYTHONPATH=/home/muz/gorur_gari/gorur_gari_2026/ros2_ws/build/contols/prefix_override:/usr/lib/python3/dist-packages/colcon_core/task/python/colcon_distutils_commands:/home/muz/gorur_gari/gorur_gari_2026/ros2_ws/install/contols/lib/python3.10/site-packages:${PYTHONPATH} /usr/bin/python3 -W ignore:setup.py install is deprecated -W ignore:easy_install command is deprecated setup.py egg_info --egg-base ../build/contols build --build-base /home/muz/gorur_gari/gorur_gari_2026/ros2_ws/build/contols/build install --record /home/muz/gorur_gari/gorur_gari_2026/ros2_ws/build/contols/install.log --single-version-externally-managed install_data
[0.588s] running egg_info
[0.588s] writing ../build/contols/contols.egg-info/PKG-INFO
[0.588s] writing dependency_links to ../build/contols/contols.egg-info/dependency_links.txt
[0.588s] writing entry points to ../build/contols/contols.egg-info/entry_points.txt
[0.588s] writing requirements to ../build/contols/contols.egg-info/requires.txt
[0.588s] writing top-level names to ../build/contols/contols.egg-info/top_level.txt
[0.590s] reading manifest file '../build/contols/contols.egg-info/SOURCES.txt'
[0.590s] writing manifest file '../build/contols/contols.egg-info/SOURCES.txt'
[0.591s] running build
[0.591s] running build_py
[0.591s] copying contols/mcu_bridge.py -> /home/muz/gorur_gari/gorur_gari_2026/ros2_ws/build/contols/build/lib/contols
[0.591s] running install
[0.591s] running install_lib
[0.591s] copying /home/muz/gorur_gari/gorur_gari_2026/ros2_ws/build/contols/build/lib/contols/mcu_bridge.py -> /home/muz/gorur_gari/gorur_gari_2026/ros2_ws/install/contols/lib/python3.10/site-packages/contols
[0.592s] byte-compiling /home/muz/gorur_gari/gorur_gari_2026/ros2_ws/install/contols/lib/python3.10/site-packages/contols/mcu_bridge.py to mcu_bridge.cpython-310.pyc
[0.592s] running install_data
[0.592s] running install_egg_info
[0.593s] removing '/home/muz/gorur_gari/gorur_gari_2026/ros2_ws/install/contols/lib/python3.10/site-packages/contols-0.0.0-py3.10.egg-info' (and everything under it)
[0.593s] Copying ../build/contols/contols.egg-info to /home/muz/gorur_gari/gorur_gari_2026/ros2_ws/install/contols/lib/python3.10/site-packages/contols-0.0.0-py3.10.egg-info
[0.594s] running install_scripts
[0.606s] Installing mcu_bridge script to /home/muz/gorur_gari/gorur_gari_2026/ros2_ws/install/contols/lib/contols
[0.606s] writing list of installed files to '/home/muz/gorur_gari/gorur_gari_2026/ros2_ws/build/contols/install.log'
[0.627s] Invoked command in '/home/muz/gorur_gari/gorur_gari_2026/ros2_ws/contols' returned '0': PYTHONPATH=/home/muz/gorur_gari/gorur_gari_2026/ros2_ws/build/contols/prefix_override:/usr/lib/python3/dist-packages/colcon_core/task/python/colcon_distutils_commands:/home/muz/gorur_gari/gorur_gari_2026/ros2_ws/install/contols/lib/python3.10/site-packages:${PYTHONPATH} /usr/bin/python3 -W ignore:setup.py install is deprecated -W ignore:easy_install command is deprecated setup.py egg_info --egg-base ../build/contols build --build-base /home/muz/gorur_gari/gorur_gari_2026/ros2_ws/build/contols/build install --record /home/muz/gorur_gari/gorur_gari_2026/ros2_ws/build/contols/install.log --single-version-externally-managed install_data
