[0.515s] Invoking command in '/home/muz/gorur_gari/gorur_gari_2026/ros2_ws/contols': PYTHONPATH=/home/muz/gorur_gari/gorur_gari_2026/build/contols/prefix_override:/usr/lib/python3/dist-packages/colcon_core/task/python/colcon_distutils_commands:/home/muz/gorur_gari/gorur_gari_2026/install/contols/lib/python3.10/site-packages:${PYTHONPATH} /usr/bin/python3 -W ignore:setup.py install is deprecated -W ignore:easy_install command is deprecated setup.py egg_info --egg-base ../../build/contols build --build-base /home/muz/gorur_gari/gorur_gari_2026/build/contols/build install --record /home/muz/gorur_gari/gorur_gari_2026/build/contols/install.log --single-version-externally-managed install_data
[0.677s] running egg_info
[0.677s] creating ../../build/contols/contols.egg-info
[0.677s] writing ../../build/contols/contols.egg-info/PKG-INFO
[0.677s] writing dependency_links to ../../build/contols/contols.egg-info/dependency_links.txt
[0.678s] writing entry points to ../../build/contols/contols.egg-info/entry_points.txt
[0.678s] writing requirements to ../../build/contols/contols.egg-info/requires.txt
[0.678s] writing top-level names to ../../build/contols/contols.egg-info/top_level.txt
[0.681s] writing manifest file '../../build/contols/contols.egg-info/SOURCES.txt'
[0.682s] reading manifest file '../../build/contols/contols.egg-info/SOURCES.txt'
[0.682s] writing manifest file '../../build/contols/contols.egg-info/SOURCES.txt'
[0.682s] running build
[0.682s] running build_py
[0.682s] creating /home/muz/gorur_gari/gorur_gari_2026/build/contols/build
[0.682s] creating /home/muz/gorur_gari/gorur_gari_2026/build/contols/build/lib
[0.682s] creating /home/muz/gorur_gari/gorur_gari_2026/build/contols/build/lib/contols
[0.682s] copying contols/ros2_to_mcu.py -> /home/muz/gorur_gari/gorur_gari_2026/build/contols/build/lib/contols
[0.682s] copying contols/__init__.py -> /home/muz/gorur_gari/gorur_gari_2026/build/contols/build/lib/contols
[0.682s] copying contols/mcu_to_ros2.py -> /home/muz/gorur_gari/gorur_gari_2026/build/contols/build/lib/contols
[0.682s] copying contols/mcu_bridge.py -> /home/muz/gorur_gari/gorur_gari_2026/build/contols/build/lib/contols
[0.682s] running install
[0.683s] running install_lib
[0.683s] creating /home/muz/gorur_gari/gorur_gari_2026/install/contols/lib/python3.10/site-packages/contols
[0.683s] copying /home/muz/gorur_gari/gorur_gari_2026/build/contols/build/lib/contols/ros2_to_mcu.py -> /home/muz/gorur_gari/gorur_gari_2026/install/contols/lib/python3.10/site-packages/contols
[0.683s] copying /home/muz/gorur_gari/gorur_gari_2026/build/contols/build/lib/contols/__init__.py -> /home/muz/gorur_gari/gorur_gari_2026/install/contols/lib/python3.10/site-packages/contols
[0.683s] copying /home/muz/gorur_gari/gorur_gari_2026/build/contols/build/lib/contols/mcu_to_ros2.py -> /home/muz/gorur_gari/gorur_gari_2026/install/contols/lib/python3.10/site-packages/contols
[0.683s] copying /home/muz/gorur_gari/gorur_gari_2026/build/contols/build/lib/contols/mcu_bridge.py -> /home/muz/gorur_gari/gorur_gari_2026/install/contols/lib/python3.10/site-packages/contols
[0.683s] byte-compiling /home/muz/gorur_gari/gorur_gari_2026/install/contols/lib/python3.10/site-packages/contols/ros2_to_mcu.py to ros2_to_mcu.cpython-310.pyc
[0.687s] byte-compiling /home/muz/gorur_gari/gorur_gari_2026/install/contols/lib/python3.10/site-packages/contols/__init__.py to __init__.cpython-310.pyc
[0.687s] byte-compiling /home/muz/gorur_gari/gorur_gari_2026/install/contols/lib/python3.10/site-packages/contols/mcu_to_ros2.py to mcu_to_ros2.cpython-310.pyc
[0.690s] byte-compiling /home/muz/gorur_gari/gorur_gari_2026/install/contols/lib/python3.10/site-packages/contols/mcu_bridge.py to mcu_bridge.cpython-310.pyc
[0.690s] running install_data
[0.690s] creating /home/muz/gorur_gari/gorur_gari_2026/install/contols/share/ament_index
[0.690s] creating /home/muz/gorur_gari/gorur_gari_2026/install/contols/share/ament_index/resource_index
[0.691s] creating /home/muz/gorur_gari/gorur_gari_2026/install/contols/share/ament_index/resource_index/packages
[0.691s] copying resource/contols -> /home/muz/gorur_gari/gorur_gari_2026/install/contols/share/ament_index/resource_index/packages
[0.691s] copying package.xml -> /home/muz/gorur_gari/gorur_gari_2026/install/contols/share/contols
[0.691s] running install_egg_info
[0.692s] Copying ../../build/contols/contols.egg-info to /home/muz/gorur_gari/gorur_gari_2026/install/contols/lib/python3.10/site-packages/contols-0.0.0-py3.10.egg-info
[0.692s] running install_scripts
[0.704s] Installing mcu_bridge script to /home/muz/gorur_gari/gorur_gari_2026/install/contols/lib/contols
[0.704s] writing list of installed files to '/home/muz/gorur_gari/gorur_gari_2026/build/contols/install.log'
[0.721s] Invoked command in '/home/muz/gorur_gari/gorur_gari_2026/ros2_ws/contols' returned '0': PYTHONPATH=/home/muz/gorur_gari/gorur_gari_2026/build/contols/prefix_override:/usr/lib/python3/dist-packages/colcon_core/task/python/colcon_distutils_commands:/home/muz/gorur_gari/gorur_gari_2026/install/contols/lib/python3.10/site-packages:${PYTHONPATH} /usr/bin/python3 -W ignore:setup.py install is deprecated -W ignore:easy_install command is deprecated setup.py egg_info --egg-base ../../build/contols build --build-base /home/muz/gorur_gari/gorur_gari_2026/build/contols/build install --record /home/muz/gorur_gari/gorur_gari_2026/build/contols/install.log --single-version-externally-managed install_data
