[0.074s] DEBUG:colcon:Command line arguments: ['/usr/bin/colcon', 'build']
[0.074s] DEBUG:colcon:Parsed command line arguments: Namespace(log_base=None, log_level=None, verb_name='build', build_base='build', install_base='install', merge_install=False, symlink_install=False, test_result_base=None, continue_on_error=False, executor='parallel', parallel_workers=16, event_handlers=None, ignore_user_meta=False, metas=['./colcon.meta'], base_paths=['.'], packages_ignore=None, packages_ignore_regex=None, paths=None, packages_up_to=None, packages_up_to_regex=None, packages_above=None, packages_above_and_dependencies=None, packages_above_depth=None, packages_select_by_dep=None, packages_skip_by_dep=None, packages_skip_up_to=None, packages_select_build_failed=False, packages_skip_build_finished=False, packages_select_test_failures=False, packages_skip_test_passed=False, packages_select=None, packages_skip=None, packages_select_regex=None, packages_skip_regex=None, packages_start=None, packages_end=None, allow_overriding=[], cmake_args=None, cmake_target=None, cmake_target_skip_unavailable=False, cmake_clean_cache=False, cmake_clean_first=False, cmake_force_configure=False, ament_cmake_args=None, catkin_cmake_args=None, catkin_skip_building_tests=False, verb_parser=<colcon_defaults.argument_parser.defaults.DefaultArgumentsDecorator object at 0x701718698220>, verb_extension=<colcon_core.verb.build.BuildVerb object at 0x701718663460>, main=<bound method BuildVerb.main of <colcon_core.verb.build.BuildVerb object at 0x701718663460>>)
[0.268s] Level 1:colcon.colcon_core.package_discovery:discover_packages(colcon_meta) check parameters
[0.269s] Level 1:colcon.colcon_core.package_discovery:discover_packages(recursive) check parameters
[0.269s] Level 1:colcon.colcon_core.package_discovery:discover_packages(ignore) check parameters
[0.269s] Level 1:colcon.colcon_core.package_discovery:discover_packages(path) check parameters
[0.269s] Level 1:colcon.colcon_core.package_discovery:discover_packages(colcon_meta) discover
[0.269s] Level 1:colcon.colcon_core.package_discovery:discover_packages(recursive) discover
[0.269s] INFO:colcon.colcon_core.package_discovery:Crawling recursively for packages in '/home/muz/gorur_gari/gorur_gari_2026/ros2_ws'
[0.269s] Level 1:colcon.colcon_core.package_identification:_identify(.) by extensions ['ignore', 'ignore_ament_install']
[0.269s] Level 1:colcon.colcon_core.package_identification:_identify(.) by extension 'ignore'
[0.269s] Level 1:colcon.colcon_core.package_identification:_identify(.) by extension 'ignore_ament_install'
[0.269s] Level 1:colcon.colcon_core.package_identification:_identify(.) by extensions ['colcon_pkg']
[0.269s] Level 1:colcon.colcon_core.package_identification:_identify(.) by extension 'colcon_pkg'
[0.269s] Level 1:colcon.colcon_core.package_identification:_identify(.) by extensions ['colcon_meta']
[0.269s] Level 1:colcon.colcon_core.package_identification:_identify(.) by extension 'colcon_meta'
[0.269s] Level 1:colcon.colcon_core.package_identification:_identify(.) by extensions ['ros']
[0.269s] Level 1:colcon.colcon_core.package_identification:_identify(.) by extension 'ros'
[0.276s] Level 1:colcon.colcon_core.package_identification:_identify(.) by extensions ['cmake', 'python']
[0.276s] Level 1:colcon.colcon_core.package_identification:_identify(.) by extension 'cmake'
[0.276s] Level 1:colcon.colcon_core.package_identification:_identify(.) by extension 'python'
[0.276s] Level 1:colcon.colcon_core.package_identification:_identify(.) by extensions ['python_setup_py']
[0.276s] Level 1:colcon.colcon_core.package_identification:_identify(.) by extension 'python_setup_py'
[0.276s] Level 1:colcon.colcon_core.package_identification:_identify(build) by extensions ['ignore', 'ignore_ament_install']
[0.276s] Level 1:colcon.colcon_core.package_identification:_identify(build) by extension 'ignore'
[0.276s] Level 1:colcon.colcon_core.package_identification:_identify(build) ignored
[0.276s] Level 1:colcon.colcon_core.package_identification:_identify(contols) by extensions ['ignore', 'ignore_ament_install']
[0.276s] Level 1:colcon.colcon_core.package_identification:_identify(contols) by extension 'ignore'
[0.276s] Level 1:colcon.colcon_core.package_identification:_identify(contols) by extension 'ignore_ament_install'
[0.276s] Level 1:colcon.colcon_core.package_identification:_identify(contols) by extensions ['colcon_pkg']
[0.276s] Level 1:colcon.colcon_core.package_identification:_identify(contols) by extension 'colcon_pkg'
[0.276s] Level 1:colcon.colcon_core.package_identification:_identify(contols) by extensions ['colcon_meta']
[0.276s] Level 1:colcon.colcon_core.package_identification:_identify(contols) by extension 'colcon_meta'
[0.276s] Level 1:colcon.colcon_core.package_identification:_identify(contols) by extensions ['ros']
[0.276s] Level 1:colcon.colcon_core.package_identification:_identify(contols) by extension 'ros'
[0.279s] DEBUG:colcon.colcon_core.package_identification:Package 'contols' with type 'ros.ament_python' and name 'contols'
[0.279s] Level 1:colcon.colcon_core.package_identification:_identify(install) by extensions ['ignore', 'ignore_ament_install']
[0.279s] Level 1:colcon.colcon_core.package_identification:_identify(install) by extension 'ignore'
[0.279s] Level 1:colcon.colcon_core.package_identification:_identify(install) ignored
[0.279s] Level 1:colcon.colcon_core.package_identification:_identify(log) by extensions ['ignore', 'ignore_ament_install']
[0.279s] Level 1:colcon.colcon_core.package_identification:_identify(log) by extension 'ignore'
[0.279s] Level 1:colcon.colcon_core.package_identification:_identify(log) ignored
[0.279s] Level 1:colcon.colcon_core.package_discovery:discover_packages(recursive) using defaults
[0.279s] Level 1:colcon.colcon_core.package_discovery:discover_packages(ignore) discover
[0.279s] Level 1:colcon.colcon_core.package_discovery:discover_packages(ignore) using defaults
[0.279s] Level 1:colcon.colcon_core.package_discovery:discover_packages(path) discover
[0.279s] Level 1:colcon.colcon_core.package_discovery:discover_packages(path) using defaults
[0.293s] Level 1:colcon.colcon_core.package_discovery:discover_packages(prefix_path) check parameters
[0.293s] Level 1:colcon.colcon_core.package_discovery:discover_packages(prefix_path) discover
[0.295s] DEBUG:colcon.colcon_installed_package_information.package_discovery:Found 1 installed packages in /home/muz/gorur_gari/gorur_gari_2026/ros2_ws/install
[0.295s] DEBUG:colcon.colcon_installed_package_information.package_discovery:Found 3 installed packages in /home/muz/mongoltori/mt11-controls/install
[0.295s] DEBUG:colcon.colcon_installed_package_information.package_discovery:Found 5 installed packages in /home/muz/ros2_ws/install
[0.296s] DEBUG:colcon.colcon_installed_package_information.package_discovery:Found 323 installed packages in /opt/ros/humble
[0.297s] Level 1:colcon.colcon_core.package_discovery:discover_packages(prefix_path) using defaults
[0.320s] Level 5:colcon.colcon_core.verb:set package 'contols' build argument 'cmake_args' from command line to 'None'
[0.321s] Level 5:colcon.colcon_core.verb:set package 'contols' build argument 'cmake_target' from command line to 'None'
[0.321s] Level 5:colcon.colcon_core.verb:set package 'contols' build argument 'cmake_target_skip_unavailable' from command line to 'False'
[0.321s] Level 5:colcon.colcon_core.verb:set package 'contols' build argument 'cmake_clean_cache' from command line to 'False'
[0.321s] Level 5:colcon.colcon_core.verb:set package 'contols' build argument 'cmake_clean_first' from command line to 'False'
[0.321s] Level 5:colcon.colcon_core.verb:set package 'contols' build argument 'cmake_force_configure' from command line to 'False'
[0.321s] Level 5:colcon.colcon_core.verb:set package 'contols' build argument 'ament_cmake_args' from command line to 'None'
[0.321s] Level 5:colcon.colcon_core.verb:set package 'contols' build argument 'catkin_cmake_args' from command line to 'None'
[0.321s] Level 5:colcon.colcon_core.verb:set package 'contols' build argument 'catkin_skip_building_tests' from command line to 'False'
[0.321s] DEBUG:colcon.colcon_core.verb:Building package 'contols' with the following arguments: {'ament_cmake_args': None, 'build_base': '/home/muz/gorur_gari/gorur_gari_2026/ros2_ws/build/contols', 'catkin_cmake_args': None, 'catkin_skip_building_tests': False, 'cmake_args': None, 'cmake_clean_cache': False, 'cmake_clean_first': False, 'cmake_force_configure': False, 'cmake_target': None, 'cmake_target_skip_unavailable': False, 'install_base': '/home/muz/gorur_gari/gorur_gari_2026/ros2_ws/install/contols', 'merge_install': False, 'path': '/home/muz/gorur_gari/gorur_gari_2026/ros2_ws/contols', 'symlink_install': False, 'test_result_base': None}
[0.321s] INFO:colcon.colcon_core.executor:Executing jobs using 'parallel' executor
[0.321s] DEBUG:colcon.colcon_parallel_executor.executor.parallel:run_until_complete
[0.321s] INFO:colcon.colcon_ros.task.ament_python.build:Building ROS package in '/home/muz/gorur_gari/gorur_gari_2026/ros2_ws/contols' with build type 'ament_python'
[0.322s] Level 1:colcon.colcon_core.shell:create_environment_hook('contols', 'ament_prefix_path')
[0.323s] INFO:colcon.colcon_core.plugin_system:Skipping extension 'colcon_core.shell.bat': Not used on non-Windows systems
[0.323s] INFO:colcon.colcon_core.shell:Creating environment hook '/home/muz/gorur_gari/gorur_gari_2026/ros2_ws/install/contols/share/contols/hook/ament_prefix_path.ps1'
[0.324s] INFO:colcon.colcon_core.shell:Creating environment descriptor '/home/muz/gorur_gari/gorur_gari_2026/ros2_ws/install/contols/share/contols/hook/ament_prefix_path.dsv'
[0.324s] INFO:colcon.colcon_core.shell:Creating environment hook '/home/muz/gorur_gari/gorur_gari_2026/ros2_ws/install/contols/share/contols/hook/ament_prefix_path.sh'
[0.325s] INFO:colcon.colcon_core.shell:Skip shell extension 'powershell' for command environment: Not usable outside of PowerShell
[0.325s] DEBUG:colcon.colcon_core.shell:Skip shell extension 'dsv' for command environment
[0.495s] INFO:colcon.colcon_core.task.python.build:Building Python package in '/home/muz/gorur_gari/gorur_gari_2026/ros2_ws/contols'
[0.495s] INFO:colcon.colcon_core.shell:Skip shell extension 'powershell' for command environment: Not usable outside of PowerShell
[0.495s] DEBUG:colcon.colcon_core.shell:Skip shell extension 'dsv' for command environment
[0.812s] DEBUG:colcon.colcon_core.event_handler.log_command:Invoking command in '/home/muz/gorur_gari/gorur_gari_2026/ros2_ws/contols': PYTHONPATH=/home/muz/gorur_gari/gorur_gari_2026/ros2_ws/build/contols/prefix_override:/usr/lib/python3/dist-packages/colcon_core/task/python/colcon_distutils_commands:/home/muz/gorur_gari/gorur_gari_2026/ros2_ws/install/contols/lib/python3.10/site-packages:${PYTHONPATH} /usr/bin/python3 -W ignore:setup.py install is deprecated -W ignore:easy_install command is deprecated setup.py egg_info --egg-base ../build/contols build --build-base /home/muz/gorur_gari/gorur_gari_2026/ros2_ws/build/contols/build install --record /home/muz/gorur_gari/gorur_gari_2026/ros2_ws/build/contols/install.log --single-version-externally-managed install_data
[1.022s] DEBUG:colcon.colcon_core.event_handler.log_command:Invoked command in '/home/muz/gorur_gari/gorur_gari_2026/ros2_ws/contols' returned '0': PYTHONPATH=/home/muz/gorur_gari/gorur_gari_2026/ros2_ws/build/contols/prefix_override:/usr/lib/python3/dist-packages/colcon_core/task/python/colcon_distutils_commands:/home/muz/gorur_gari/gorur_gari_2026/ros2_ws/install/contols/lib/python3.10/site-packages:${PYTHONPATH} /usr/bin/python3 -W ignore:setup.py install is deprecated -W ignore:easy_install command is deprecated setup.py egg_info --egg-base ../build/contols build --build-base /home/muz/gorur_gari/gorur_gari_2026/ros2_ws/build/contols/build install --record /home/muz/gorur_gari/gorur_gari_2026/ros2_ws/build/contols/install.log --single-version-externally-managed install_data
[1.026s] Level 1:colcon.colcon_core.environment:checking '/home/muz/gorur_gari/gorur_gari_2026/ros2_ws/install/contols' for CMake module files
[1.026s] Level 1:colcon.colcon_core.environment:checking '/home/muz/gorur_gari/gorur_gari_2026/ros2_ws/install/contols' for CMake config files
[1.027s] Level 1:colcon.colcon_core.environment:checking '/home/muz/gorur_gari/gorur_gari_2026/ros2_ws/install/contols/lib'
[1.027s] Level 1:colcon.colcon_core.environment:checking '/home/muz/gorur_gari/gorur_gari_2026/ros2_ws/install/contols/bin'
[1.027s] Level 1:colcon.colcon_core.environment:checking '/home/muz/gorur_gari/gorur_gari_2026/ros2_ws/install/contols/lib/pkgconfig/contols.pc'
[1.027s] Level 1:colcon.colcon_core.environment:checking '/home/muz/gorur_gari/gorur_gari_2026/ros2_ws/install/contols/lib/python3.10/site-packages'
[1.027s] Level 1:colcon.colcon_core.shell:create_environment_hook('contols', 'pythonpath')
[1.028s] INFO:colcon.colcon_core.shell:Creating environment hook '/home/muz/gorur_gari/gorur_gari_2026/ros2_ws/install/contols/share/contols/hook/pythonpath.ps1'
[1.028s] INFO:colcon.colcon_core.shell:Creating environment descriptor '/home/muz/gorur_gari/gorur_gari_2026/ros2_ws/install/contols/share/contols/hook/pythonpath.dsv'
[1.028s] INFO:colcon.colcon_core.shell:Creating environment hook '/home/muz/gorur_gari/gorur_gari_2026/ros2_ws/install/contols/share/contols/hook/pythonpath.sh'
[1.029s] Level 1:colcon.colcon_core.environment:checking '/home/muz/gorur_gari/gorur_gari_2026/ros2_ws/install/contols/bin'
[1.029s] Level 1:colcon.colcon_core.environment:create_environment_scripts_only(contols)
[1.030s] INFO:colcon.colcon_core.shell:Creating package script '/home/muz/gorur_gari/gorur_gari_2026/ros2_ws/install/contols/share/contols/package.ps1'
[1.031s] INFO:colcon.colcon_core.shell:Creating package descriptor '/home/muz/gorur_gari/gorur_gari_2026/ros2_ws/install/contols/share/contols/package.dsv'
[1.031s] INFO:colcon.colcon_core.shell:Creating package script '/home/muz/gorur_gari/gorur_gari_2026/ros2_ws/install/contols/share/contols/package.sh'
[1.032s] INFO:colcon.colcon_core.shell:Creating package script '/home/muz/gorur_gari/gorur_gari_2026/ros2_ws/install/contols/share/contols/package.bash'
[1.033s] INFO:colcon.colcon_core.shell:Creating package script '/home/muz/gorur_gari/gorur_gari_2026/ros2_ws/install/contols/share/contols/package.zsh'
[1.034s] Level 1:colcon.colcon_core.environment:create_file_with_runtime_dependencies(/home/muz/gorur_gari/gorur_gari_2026/ros2_ws/install/contols/share/colcon-core/packages/contols)
[1.034s] DEBUG:colcon.colcon_parallel_executor.executor.parallel:closing loop
[1.035s] DEBUG:colcon.colcon_parallel_executor.executor.parallel:loop closed
[1.035s] DEBUG:colcon.colcon_parallel_executor.executor.parallel:run_until_complete finished with '0'
[1.035s] DEBUG:colcon.colcon_core.event_reactor:joining thread
[1.038s] INFO:colcon.colcon_core.plugin_system:Skipping extension 'colcon_notification.desktop_notification.terminal_notifier': Not used on non-Darwin systems
[1.039s] INFO:colcon.colcon_core.plugin_system:Skipping extension 'colcon_notification.desktop_notification.win32': Not used on non-Windows systems
[1.039s] INFO:colcon.colcon_notification.desktop_notification:Sending desktop notification using 'notify2'
[1.050s] DEBUG:colcon.colcon_core.event_reactor:joined thread
[1.051s] INFO:colcon.colcon_core.shell:Creating prefix script '/home/muz/gorur_gari/gorur_gari_2026/ros2_ws/install/local_setup.ps1'
[1.052s] INFO:colcon.colcon_core.shell:Creating prefix util module '/home/muz/gorur_gari/gorur_gari_2026/ros2_ws/install/_local_setup_util_ps1.py'
[1.053s] INFO:colcon.colcon_core.shell:Creating prefix chain script '/home/muz/gorur_gari/gorur_gari_2026/ros2_ws/install/setup.ps1'
[1.055s] INFO:colcon.colcon_core.shell:Creating prefix script '/home/muz/gorur_gari/gorur_gari_2026/ros2_ws/install/local_setup.sh'
[1.056s] INFO:colcon.colcon_core.shell:Creating prefix util module '/home/muz/gorur_gari/gorur_gari_2026/ros2_ws/install/_local_setup_util_sh.py'
[1.056s] INFO:colcon.colcon_core.shell:Creating prefix chain script '/home/muz/gorur_gari/gorur_gari_2026/ros2_ws/install/setup.sh'
[1.058s] INFO:colcon.colcon_core.shell:Creating prefix script '/home/muz/gorur_gari/gorur_gari_2026/ros2_ws/install/local_setup.bash'
[1.059s] INFO:colcon.colcon_core.shell:Creating prefix chain script '/home/muz/gorur_gari/gorur_gari_2026/ros2_ws/install/setup.bash'
[1.060s] INFO:colcon.colcon_core.shell:Creating prefix script '/home/muz/gorur_gari/gorur_gari_2026/ros2_ws/install/local_setup.zsh'
[1.061s] INFO:colcon.colcon_core.shell:Creating prefix chain script '/home/muz/gorur_gari/gorur_gari_2026/ros2_ws/install/setup.zsh'
