[0.446s] Invoking command in '/home/muz/gorur_gari/gorur_gari_2026/ros2_ws/sensors_processing': AMENT_PREFIX_PATH=/home/muz/gorur_gari/gorur_gari_2026/ros2_ws/install/contols:/home/muz/gorur_gari/gorur_gari_2026/ros2_ws/install/sensors_processing:/home/muz/mongoltori/mt11-controls/install/rover_node:/home/muz/mongoltori/mt11-controls/install/mt_msg_interfaces:/home/muz/mongoltori/mt11-controls/install/control_node:/home/muz/ros2_ws/install/zed_ros2:/home/muz/ros2_ws/install/zed_wrapper:/home/muz/ros2_ws/install/zed_debug:/home/muz/ros2_ws/install/zed_components:/home/muz/ros2_ws/install/rplidar_ros:/opt/ros/humble PYTHONPATH=/home/muz/gorur_gari/gorur_gari_2026/ros2_ws/build/sensors_processing/prefix_override:/usr/lib/python3/dist-packages/colcon_core/task/python/colcon_distutils_commands:/home/muz/gorur_gari/gorur_gari_2026/ros2_ws/install/sensors_processing/lib/python3.10/site-packages:/home/muz/gorur_gari/gorur_gari_2026/ros2_ws/install/contols/lib/python3.10/site-packages:/home/muz/gorur_gari/gorur_gari_2026/ros2_ws/install/sensors_processing/lib/python3.10/site-packages:/home/muz/mongoltori/mt11-controls/build/rover_node:/home/muz/mongoltori/mt11-controls/install/rover_node/lib/python3.10/site-packages:/home/muz/mongoltori/mt11-controls/install/mt_msg_interfaces/local/lib/python3.10/dist-packages:/home/muz/mongoltori/mt11-controls/build/control_node:/home/muz/mongoltori/mt11-controls/install/control_node/lib/python3.10/site-packages:/opt/ros/humble/lib/python3.10/site-packages:/opt/ros/humble/local/lib/python3.10/dist-packages /usr/bin/python3 -W ignore:setup.py install is deprecated -W ignore:easy_install command is deprecated setup.py egg_info --egg-base ../build/sensors_processing build --build-base /home/muz/gorur_gari/gorur_gari_2026/ros2_ws/build/sensors_processing/build install --record /home/muz/gorur_gari/gorur_gari_2026/ros2_ws/build/sensors_processing/install.log --single-version-externally-managed install_data
[0.601s] running egg_info
[0.601s] writing ../build/sensors_processing/sensors_processing.egg-info/PKG-INFO
[0.601s] writing dependency_links to ../build/sensors_processing/sensors_processing.egg-info/dependency_links.txt
[0.601s] writing entry points to ../build/sensors_processing/sensors_processing.egg-info/entry_points.txt
[0.602s] writing requirements to ../build/sensors_processing/sensors_processing.egg-info/requires.txt
[0.602s] writing top-level names to ../build/sensors_processing/sensors_processing.egg-info/top_level.txt
[0.603s] reading manifest file '../build/sensors_processing/sensors_processing.egg-info/SOURCES.txt'
[0.604s] writing manifest file '../build/sensors_processing/sensors_processing.egg-info/SOURCES.txt'
[0.604s] running build
[0.604s] running build_py
[0.604s] running install
[0.604s] running install_lib
[0.605s] running install_data
[0.605s] running install_egg_info
[0.606s] removing '/home/muz/gorur_gari/gorur_gari_2026/ros2_ws/install/sensors_processing/lib/python3.10/site-packages/sensors_processing-0.0.0-py3.10.egg-info' (and everything under it)
[0.606s] Copying ../build/sensors_processing/sensors_processing.egg-info to /home/muz/gorur_gari/gorur_gari_2026/ros2_ws/install/sensors_processing/lib/python3.10/site-packages/sensors_processing-0.0.0-py3.10.egg-info
[0.607s] running install_scripts
[0.619s] Installing encoder_odometry script to /home/muz/gorur_gari/gorur_gari_2026/ros2_ws/install/sensors_processing/lib/sensors_processing
[0.619s] writing list of installed files to '/home/muz/gorur_gari/gorur_gari_2026/ros2_ws/build/sensors_processing/install.log'
[0.638s] Invoked command in '/home/muz/gorur_gari/gorur_gari_2026/ros2_ws/sensors_processing' returned '0': AMENT_PREFIX_PATH=/home/muz/gorur_gari/gorur_gari_2026/ros2_ws/install/contols:/home/muz/gorur_gari/gorur_gari_2026/ros2_ws/install/sensors_processing:/home/muz/mongoltori/mt11-controls/install/rover_node:/home/muz/mongoltori/mt11-controls/install/mt_msg_interfaces:/home/muz/mongoltori/mt11-controls/install/control_node:/home/muz/ros2_ws/install/zed_ros2:/home/muz/ros2_ws/install/zed_wrapper:/home/muz/ros2_ws/install/zed_debug:/home/muz/ros2_ws/install/zed_components:/home/muz/ros2_ws/install/rplidar_ros:/opt/ros/humble PYTHONPATH=/home/muz/gorur_gari/gorur_gari_2026/ros2_ws/build/sensors_processing/prefix_override:/usr/lib/python3/dist-packages/colcon_core/task/python/colcon_distutils_commands:/home/muz/gorur_gari/gorur_gari_2026/ros2_ws/install/sensors_processing/lib/python3.10/site-packages:/home/muz/gorur_gari/gorur_gari_2026/ros2_ws/install/contols/lib/python3.10/site-packages:/home/muz/gorur_gari/gorur_gari_2026/ros2_ws/install/sensors_processing/lib/python3.10/site-packages:/home/muz/mongoltori/mt11-controls/build/rover_node:/home/muz/mongoltori/mt11-controls/install/rover_node/lib/python3.10/site-packages:/home/muz/mongoltori/mt11-controls/install/mt_msg_interfaces/local/lib/python3.10/dist-packages:/home/muz/mongoltori/mt11-controls/build/control_node:/home/muz/mongoltori/mt11-controls/install/control_node/lib/python3.10/site-packages:/opt/ros/humble/lib/python3.10/site-packages:/opt/ros/humble/local/lib/python3.10/dist-packages /usr/bin/python3 -W ignore:setup.py install is deprecated -W ignore:easy_install command is deprecated setup.py egg_info --egg-base ../build/sensors_processing build --build-base /home/muz/gorur_gari/gorur_gari_2026/ros2_ws/build/sensors_processing/build install --record /home/muz/gorur_gari/gorur_gari_2026/ros2_ws/build/sensors_processing/install.log --single-version-externally-managed install_data
