running egg_info
creating ../build/contols/contols.egg-info
writing ../build/contols/contols.egg-info/PKG-INFO
writing dependency_links to ../build/contols/contols.egg-info/dependency_links.txt
writing entry points to ../build/contols/contols.egg-info/entry_points.txt
writing requirements to ../build/contols/contols.egg-info/requires.txt
writing top-level names to ../build/contols/contols.egg-info/top_level.txt
writing manifest file '../build/contols/contols.egg-info/SOURCES.txt'
reading manifest file '../build/contols/contols.egg-info/SOURCES.txt'
writing manifest file '../build/contols/contols.egg-info/SOURCES.txt'
running build
running build_py
creating /home/muz/gorur_gari/gorur_gari_2026/ros2_ws/build/contols/build
creating /home/muz/gorur_gari/gorur_gari_2026/ros2_ws/build/contols/build/lib
creating /home/muz/gorur_gari/gorur_gari_2026/ros2_ws/build/contols/build/lib/contols
copying contols/__init__.py -> /home/muz/gorur_gari/gorur_gari_2026/ros2_ws/build/contols/build/lib/contols
running install
running install_lib
creating /home/muz/gorur_gari/gorur_gari_2026/ros2_ws/install/contols/lib/python3.10/site-packages/contols
copying /home/muz/gorur_gari/gorur_gari_2026/ros2_ws/build/contols/build/lib/contols/__init__.py -> /home/muz/gorur_gari/gorur_gari_2026/ros2_ws/install/contols/lib/python3.10/site-packages/contols
byte-compiling /home/muz/gorur_gari/gorur_gari_2026/ros2_ws/install/contols/lib/python3.10/site-packages/contols/__init__.py to __init__.cpython-310.pyc
running install_data
creating /home/muz/gorur_gari/gorur_gari_2026/ros2_ws/install/contols/share/ament_index
creating /home/muz/gorur_gari/gorur_gari_2026/ros2_ws/install/contols/share/ament_index/resource_index
creating /home/muz/gorur_gari/gorur_gari_2026/ros2_ws/install/contols/share/ament_index/resource_index/packages
copying resource/contols -> /home/muz/gorur_gari/gorur_gari_2026/ros2_ws/install/contols/share/ament_index/resource_index/packages
copying package.xml -> /home/muz/gorur_gari/gorur_gari_2026/ros2_ws/install/contols/share/contols
running install_egg_info
Copying ../build/contols/contols.egg-info to /home/muz/gorur_gari/gorur_gari_2026/ros2_ws/install/contols/lib/python3.10/site-packages/contols-0.0.0-py3.10.egg-info
running install_scripts
writing list of installed files to '/home/muz/gorur_gari/gorur_gari_2026/ros2_ws/build/contols/install.log'
