[0.509s] Invoking command in '/home/muz/gorur_gari/gorur_gari_2026/ros2_ws/contols': PYTHONPATH=/home/muz/gorur_gari/gorur_gari_2026/ros2_ws/build/contols/prefix_override:/usr/lib/python3/dist-packages/colcon_core/task/python/colcon_distutils_commands:/home/muz/gorur_gari/gorur_gari_2026/ros2_ws/install/contols/lib/python3.10/site-packages:${PYTHONPATH} /usr/bin/python3 -W ignore:setup.py install is deprecated -W ignore:easy_install command is deprecated setup.py egg_info --egg-base ../build/contols build --build-base /home/muz/gorur_gari/gorur_gari_2026/ros2_ws/build/contols/build install --record /home/muz/gorur_gari/gorur_gari_2026/ros2_ws/build/contols/install.log --single-version-externally-managed install_data
[0.660s] running egg_info
[0.660s] creating ../build/contols/contols.egg-info
[0.660s] writing ../build/contols/contols.egg-info/PKG-INFO
[0.660s] writing dependency_links to ../build/contols/contols.egg-info/dependency_links.txt
[0.660s] writing entry points to ../build/contols/contols.egg-info/entry_points.txt
[0.660s] writing requirements to ../build/contols/contols.egg-info/requires.txt
[0.660s] writing top-level names to ../build/contols/contols.egg-info/top_level.txt
[0.663s] writing manifest file '../build/contols/contols.egg-info/SOURCES.txt'
[0.664s] reading manifest file '../build/contols/contols.egg-info/SOURCES.txt'
[0.664s] writing manifest file '../build/contols/contols.egg-info/SOURCES.txt'
[0.665s] running build
[0.665s] running build_py
[0.665s] creating /home/muz/gorur_gari/gorur_gari_2026/ros2_ws/build/contols/build
[0.665s] creating /home/muz/gorur_gari/gorur_gari_2026/ros2_ws/build/contols/build/lib
[0.665s] creating /home/muz/gorur_gari/gorur_gari_2026/ros2_ws/build/contols/build/lib/contols
[0.665s] copying contols/__init__.py -> /home/muz/gorur_gari/gorur_gari_2026/ros2_ws/build/contols/build/lib/contols
[0.665s] running install
[0.665s] running install_lib
[0.665s] creating /home/muz/gorur_gari/gorur_gari_2026/ros2_ws/install/contols/lib/python3.10/site-packages/contols
[0.666s] copying /home/muz/gorur_gari/gorur_gari_2026/ros2_ws/build/contols/build/lib/contols/__init__.py -> /home/muz/gorur_gari/gorur_gari_2026/ros2_ws/install/contols/lib/python3.10/site-packages/contols
[0.666s] byte-compiling /home/muz/gorur_gari/gorur_gari_2026/ros2_ws/install/contols/lib/python3.10/site-packages/contols/__init__.py to __init__.cpython-310.pyc
[0.666s] running install_data
[0.666s] creating /home/muz/gorur_gari/gorur_gari_2026/ros2_ws/install/contols/share/ament_index
[0.666s] creating /home/muz/gorur_gari/gorur_gari_2026/ros2_ws/install/contols/share/ament_index/resource_index
[0.666s] creating /home/muz/gorur_gari/gorur_gari_2026/ros2_ws/install/contols/share/ament_index/resource_index/packages
[0.666s] copying resource/contols -> /home/muz/gorur_gari/gorur_gari_2026/ros2_ws/install/contols/share/ament_index/resource_index/packages
[0.666s] copying package.xml -> /home/muz/gorur_gari/gorur_gari_2026/ros2_ws/install/contols/share/contols
[0.666s] running install_egg_info
[0.667s] Copying ../build/contols/contols.egg-info to /home/muz/gorur_gari/gorur_gari_2026/ros2_ws/install/contols/lib/python3.10/site-packages/contols-0.0.0-py3.10.egg-info
[0.667s] running install_scripts
[0.679s] writing list of installed files to '/home/muz/gorur_gari/gorur_gari_2026/ros2_ws/build/contols/install.log'
[0.692s] Invoked command in '/home/muz/gorur_gari/gorur_gari_2026/ros2_ws/contols' returned '0': PYTHONPATH=/home/muz/gorur_gari/gorur_gari_2026/ros2_ws/build/contols/prefix_override:/usr/lib/python3/dist-packages/colcon_core/task/python/colcon_distutils_commands:/home/muz/gorur_gari/gorur_gari_2026/ros2_ws/install/contols/lib/python3.10/site-packages:${PYTHONPATH} /usr/bin/python3 -W ignore:setup.py install is deprecated -W ignore:easy_install command is deprecated setup.py egg_info --egg-base ../build/contols build --build-base /home/muz/gorur_gari/gorur_gari_2026/ros2_ws/build/contols/build install --record /home/muz/gorur_gari/gorur_gari_2026/ros2_ws/build/contols/install.log --single-version-externally-managed install_data
