running egg_info
writing ../../build/sensors_processing/sensors_processing.egg-info/PKG-INFO
writing dependency_links to ../../build/sensors_processing/sensors_processing.egg-info/dependency_links.txt
writing entry points to ../../build/sensors_processing/sensors_processing.egg-info/entry_points.txt
writing requirements to ../../build/sensors_processing/sensors_processing.egg-info/requires.txt
writing top-level names to ../../build/sensors_processing/sensors_processing.egg-info/top_level.txt
reading manifest file '../../build/sensors_processing/sensors_processing.egg-info/SOURCES.txt'
writing manifest file '../../build/sensors_processing/sensors_processing.egg-info/SOURCES.txt'
running build
running build_py
copying sensors_processing/encoder_odometry.py -> /home/muz/gorur_gari/gorur_gari_2026/build/sensors_processing/build/lib/sensors_processing
copying sensors_processing/vector_odom.py -> /home/muz/gorur_gari/gorur_gari_2026/build/sensors_processing/build/lib/sensors_processing
running install
running install_lib
copying /home/muz/gorur_gari/gorur_gari_2026/build/sensors_processing/build/lib/sensors_processing/encoder_odometry.py -> /home/muz/gorur_gari/gorur_gari_2026/install/sensors_processing/lib/python3.10/site-packages/sensors_processing
copying /home/muz/gorur_gari/gorur_gari_2026/build/sensors_processing/build/lib/sensors_processing/vector_odom.py -> /home/muz/gorur_gari/gorur_gari_2026/install/sensors_processing/lib/python3.10/site-packages/sensors_processing
byte-compiling /home/muz/gorur_gari/gorur_gari_2026/install/sensors_processing/lib/python3.10/site-packages/sensors_processing/encoder_odometry.py to encoder_odometry.cpython-310.pyc
byte-compiling /home/muz/gorur_gari/gorur_gari_2026/install/sensors_processing/lib/python3.10/site-packages/sensors_processing/vector_odom.py to vector_odom.cpython-310.pyc
running install_data
running install_egg_info
removing '/home/muz/gorur_gari/gorur_gari_2026/install/sensors_processing/lib/python3.10/site-packages/sensors_processing-0.0.0-py3.10.egg-info' (and everything under it)
Copying ../../build/sensors_processing/sensors_processing.egg-info to /home/muz/gorur_gari/gorur_gari_2026/install/sensors_processing/lib/python3.10/site-packages/sensors_processing-0.0.0-py3.10.egg-info
running install_scripts
Installing disparity_extender script to /home/muz/gorur_gari/gorur_gari_2026/install/sensors_processing/lib/sensors_processing
Installing encoder_odometry script to /home/muz/gorur_gari/gorur_gari_2026/install/sensors_processing/lib/sensors_processing
Installing vector_odom script to /home/muz/gorur_gari/gorur_gari_2026/install/sensors_processing/lib/sensors_processing
writing list of installed files to '/home/muz/gorur_gari/gorur_gari_2026/build/sensors_processing/install.log'
