[0.476s] Invoking command in '/home/muz/gorur_gari/gorur_gari_2026/ros2_ws/sensors_processing': AMENT_PREFIX_PATH=/home/muz/gorur_gari/gorur_gari_2026/install/contols:${AMENT_PREFIX_PATH} PYTHONPATH=/home/muz/gorur_gari/gorur_gari_2026/build/sensors_processing/prefix_override:/usr/lib/python3/dist-packages/colcon_core/task/python/colcon_distutils_commands:/home/muz/gorur_gari/gorur_gari_2026/install/sensors_processing/lib/python3.10/site-packages:/home/muz/gorur_gari/gorur_gari_2026/install/contols/lib/python3.10/site-packages:${PYTHONPATH} /usr/bin/python3 -W ignore:setup.py install is deprecated -W ignore:easy_install command is deprecated setup.py egg_info --egg-base ../../build/sensors_processing build --build-base /home/muz/gorur_gari/gorur_gari_2026/build/sensors_processing/build install --record /home/muz/gorur_gari/gorur_gari_2026/build/sensors_processing/install.log --single-version-externally-managed install_data
[0.644s] running egg_info
[0.645s] writing ../../build/sensors_processing/sensors_processing.egg-info/PKG-INFO
[0.645s] writing dependency_links to ../../build/sensors_processing/sensors_processing.egg-info/dependency_links.txt
[0.645s] writing entry points to ../../build/sensors_processing/sensors_processing.egg-info/entry_points.txt
[0.645s] writing requirements to ../../build/sensors_processing/sensors_processing.egg-info/requires.txt
[0.645s] writing top-level names to ../../build/sensors_processing/sensors_processing.egg-info/top_level.txt
[0.647s] reading manifest file '../../build/sensors_processing/sensors_processing.egg-info/SOURCES.txt'
[0.647s] writing manifest file '../../build/sensors_processing/sensors_processing.egg-info/SOURCES.txt'
[0.647s] running build
[0.647s] running build_py
[0.647s] copying sensors_processing/encoder_odometry.py -> /home/muz/gorur_gari/gorur_gari_2026/build/sensors_processing/build/lib/sensors_processing
[0.648s] copying sensors_processing/vector_odom.py -> /home/muz/gorur_gari/gorur_gari_2026/build/sensors_processing/build/lib/sensors_processing
[0.648s] running install
[0.648s] running install_lib
[0.648s] copying /home/muz/gorur_gari/gorur_gari_2026/build/sensors_processing/build/lib/sensors_processing/encoder_odometry.py -> /home/muz/gorur_gari/gorur_gari_2026/install/sensors_processing/lib/python3.10/site-packages/sensors_processing
[0.648s] copying /home/muz/gorur_gari/gorur_gari_2026/build/sensors_processing/build/lib/sensors_processing/vector_odom.py -> /home/muz/gorur_gari/gorur_gari_2026/install/sensors_processing/lib/python3.10/site-packages/sensors_processing
[0.649s] byte-compiling /home/muz/gorur_gari/gorur_gari_2026/install/sensors_processing/lib/python3.10/site-packages/sensors_processing/encoder_odometry.py to encoder_odometry.cpython-310.pyc
[0.649s] byte-compiling /home/muz/gorur_gari/gorur_gari_2026/install/sensors_processing/lib/python3.10/site-packages/sensors_processing/vector_odom.py to vector_odom.cpython-310.pyc
[0.650s] running install_data
[0.650s] running install_egg_info
[0.651s] removing '/home/muz/gorur_gari/gorur_gari_2026/install/sensors_processing/lib/python3.10/site-packages/sensors_processing-0.0.0-py3.10.egg-info' (and everything under it)
[0.651s] Copying ../../build/sensors_processing/sensors_processing.egg-info to /home/muz/gorur_gari/gorur_gari_2026/install/sensors_processing/lib/python3.10/site-packages/sensors_processing-0.0.0-py3.10.egg-info
[0.651s] running install_scripts
[0.664s] Installing disparity_extender script to /home/muz/gorur_gari/gorur_gari_2026/install/sensors_processing/lib/sensors_processing
[0.664s] Installing encoder_odometry script to /home/muz/gorur_gari/gorur_gari_2026/install/sensors_processing/lib/sensors_processing
[0.664s] Installing vector_odom script to /home/muz/gorur_gari/gorur_gari_2026/install/sensors_processing/lib/sensors_processing
[0.665s] writing list of installed files to '/home/muz/gorur_gari/gorur_gari_2026/build/sensors_processing/install.log'
[0.681s] Invoked command in '/home/muz/gorur_gari/gorur_gari_2026/ros2_ws/sensors_processing' returned '0': AMENT_PREFIX_PATH=/home/muz/gorur_gari/gorur_gari_2026/install/contols:${AMENT_PREFIX_PATH} PYTHONPATH=/home/muz/gorur_gari/gorur_gari_2026/build/sensors_processing/prefix_override:/usr/lib/python3/dist-packages/colcon_core/task/python/colcon_distutils_commands:/home/muz/gorur_gari/gorur_gari_2026/install/sensors_processing/lib/python3.10/site-packages:/home/muz/gorur_gari/gorur_gari_2026/install/contols/lib/python3.10/site-packages:${PYTHONPATH} /usr/bin/python3 -W ignore:setup.py install is deprecated -W ignore:easy_install command is deprecated setup.py egg_info --egg-base ../../build/sensors_processing build --build-base /home/muz/gorur_gari/gorur_gari_2026/build/sensors_processing/build install --record /home/muz/gorur_gari/gorur_gari_2026/build/sensors_processing/install.log --single-version-externally-managed install_data
