running egg_info
creating ../../build/sensors_processing/sensors_processing.egg-info
writing ../../build/sensors_processing/sensors_processing.egg-info/PKG-INFO
writing dependency_links to ../../build/sensors_processing/sensors_processing.egg-info/dependency_links.txt
writing entry points to ../../build/sensors_processing/sensors_processing.egg-info/entry_points.txt
writing requirements to ../../build/sensors_processing/sensors_processing.egg-info/requires.txt
writing top-level names to ../../build/sensors_processing/sensors_processing.egg-info/top_level.txt
writing manifest file '../../build/sensors_processing/sensors_processing.egg-info/SOURCES.txt'
reading manifest file '../../build/sensors_processing/sensors_processing.egg-info/SOURCES.txt'
writing manifest file '../../build/sensors_processing/sensors_processing.egg-info/SOURCES.txt'
running build
running build_py
creating /home/muz/gorur_gari/gorur_gari_2026/build/sensors_processing/build
creating /home/muz/gorur_gari/gorur_gari_2026/build/sensors_processing/build/lib
creating /home/muz/gorur_gari/gorur_gari_2026/build/sensors_processing/build/lib/sensors_processing
copying sensors_processing/encoder_odometry.py -> /home/muz/gorur_gari/gorur_gari_2026/build/sensors_processing/build/lib/sensors_processing
copying sensors_processing/__init__.py -> /home/muz/gorur_gari/gorur_gari_2026/build/sensors_processing/build/lib/sensors_processing
copying sensors_processing/vector_odom.py -> /home/muz/gorur_gari/gorur_gari_2026/build/sensors_processing/build/lib/sensors_processing
copying sensors_processing/disparity_extender.py -> /home/muz/gorur_gari/gorur_gari_2026/build/sensors_processing/build/lib/sensors_processing
running install
running install_lib
creating /home/muz/gorur_gari/gorur_gari_2026/install/sensors_processing/lib/python3.10/site-packages/sensors_processing
copying /home/muz/gorur_gari/gorur_gari_2026/build/sensors_processing/build/lib/sensors_processing/encoder_odometry.py -> /home/muz/gorur_gari/gorur_gari_2026/install/sensors_processing/lib/python3.10/site-packages/sensors_processing
copying /home/muz/gorur_gari/gorur_gari_2026/build/sensors_processing/build/lib/sensors_processing/__init__.py -> /home/muz/gorur_gari/gorur_gari_2026/install/sensors_processing/lib/python3.10/site-packages/sensors_processing
copying /home/muz/gorur_gari/gorur_gari_2026/build/sensors_processing/build/lib/sensors_processing/vector_odom.py -> /home/muz/gorur_gari/gorur_gari_2026/install/sensors_processing/lib/python3.10/site-packages/sensors_processing
copying /home/muz/gorur_gari/gorur_gari_2026/build/sensors_processing/build/lib/sensors_processing/disparity_extender.py -> /home/muz/gorur_gari/gorur_gari_2026/install/sensors_processing/lib/python3.10/site-packages/sensors_processing
byte-compiling /home/muz/gorur_gari/gorur_gari_2026/install/sensors_processing/lib/python3.10/site-packages/sensors_processing/encoder_odometry.py to encoder_odometry.cpython-310.pyc
byte-compiling /home/muz/gorur_gari/gorur_gari_2026/install/sensors_processing/lib/python3.10/site-packages/sensors_processing/__init__.py to __init__.cpython-310.pyc
byte-compiling /home/muz/gorur_gari/gorur_gari_2026/install/sensors_processing/lib/python3.10/site-packages/sensors_processing/vector_odom.py to vector_odom.cpython-310.pyc
byte-compiling /home/muz/gorur_gari/gorur_gari_2026/install/sensors_processing/lib/python3.10/site-packages/sensors_processing/disparity_extender.py to disparity_extender.cpython-310.pyc
running install_data
creating /home/muz/gorur_gari/gorur_gari_2026/install/sensors_processing/share/ament_index
creating /home/muz/gorur_gari/gorur_gari_2026/install/sensors_processing/share/ament_index/resource_index
creating /home/muz/gorur_gari/gorur_gari_2026/install/sensors_processing/share/ament_index/resource_index/packages
copying resource/sensors_processing -> /home/muz/gorur_gari/gorur_gari_2026/install/sensors_processing/share/ament_index/resource_index/packages
copying package.xml -> /home/muz/gorur_gari/gorur_gari_2026/install/sensors_processing/share/sensors_processing
creating /home/muz/gorur_gari/gorur_gari_2026/install/sensors_processing/share/sensors_processing/launch
copying launch/bringup.launch.py -> /home/muz/gorur_gari/gorur_gari_2026/install/sensors_processing/share/sensors_processing/launch
running install_egg_info
Copying ../../build/sensors_processing/sensors_processing.egg-info to /home/muz/gorur_gari/gorur_gari_2026/install/sensors_processing/lib/python3.10/site-packages/sensors_processing-0.0.0-py3.10.egg-info
running install_scripts
Installing disparity_extender script to /home/muz/gorur_gari/gorur_gari_2026/install/sensors_processing/lib/sensors_processing
Installing encoder_odometry script to /home/muz/gorur_gari/gorur_gari_2026/install/sensors_processing/lib/sensors_processing
writing list of installed files to '/home/muz/gorur_gari/gorur_gari_2026/build/sensors_processing/install.log'
